---
source: src/parser/error.rs
expression: parser.parse()
---
Program(
  items: [
    Request(
      method: GET,
      endpoint: Url(Literal(
        value: "http://localhost",
        span: Span(
          start: Position(
            value: 4,
            line: 0,
            col: 4,
          ),
          end: Position(
            value: 20,
            line: 0,
            col: 20,
          ),
        ),
      )),
      block: Some(Block(
        statements: [
          Error(ContextualError(
            inner_error: ExpectedEitherOfTokens(
              found: ErroneousToken(
                kind: RBracket,
                text: "}",
              ),
              expected: [
                StringLiteral,
                Ident,
                MultiLineStringLiteral,
              ],
            ),
            span: Span(
              start: Position(
                value: 23,
                line: 0,
                col: 23,
              ),
              end: Position(
                value: 38,
                line: 0,
                col: 38,
              ),
            ),
            message: None,
            context: ErrorSourceContext(
              above: None,
              line: "get http://localhost { header \"name\" }",
              below: None,
            ),
            text: "header \"name\" }",
          )),
        ],
        span: Span(
          start: Position(
            value: 21,
            line: 0,
            col: 21,
          ),
          end: Position(
            value: 38,
            line: 0,
            col: 37,
          ),
        ),
      )),
      span: Span(
        start: Position(
          value: 0,
          line: 0,
          col: 0,
        ),
        end: Position(
          value: 38,
          line: 0,
          col: 37,
        ),
      ),
    ),
  ],
)
