---
source: src/parser/error.rs
expression: error
---
ParserErrors {
    errors: [
        RecoveredItem {
            item: None,
            error: post
               
               â†³ [1:4] expected either one of 'url','pathname' but got Eof
            ,
        },
    ],
}
