---
source: parser/src/error.rs
expression: error
---
ParserErrors {
    errors: [
        get {}
            ≈
            ↳ [1:5] expected either one of url,pathname, but got {
        ,
        get {}
             ≈
             ↳ [1:6] expected either one of identifier,string,boolean,number,string,{,[, but got }
        ,
    ],
    incomplete_rogram: Program {
        items: [],
    },
}
